<html>
<body>
<pre>
<h1>µVision Build Log</h1>
<h2>Tool Versions:</h2>
IDE-Version: ¦ÌVision V5.14.0.0
Copyright (C) 2015 ARM Ltd and ARM Germany GmbH. All rights reserved.
License Information: x dfff, xx, LIC=----
 
Tool Versions:
Toolchain:       MDK-Lite  Version: 5.14.0.0
Toolchain Path:  D:\Keil_v5\ARM\ARMCC\Bin
C Compiler:      Armcc.exe V5.05 update 1 (build 106)
Assembler:       Armasm.exe V5.05 update 1 (build 106)
Linker/Locator:  ArmLink.exe V5.05 update 1 (build 106)
Library Manager: ArmAr.exe V5.05 update 1 (build 106)
Hex Converter:   FromElf.exe V5.05 update 1 (build 106)
CPU DLL:         SARMCM3.DLL V5.14.0.0
Dialog DLL:      DCM.DLL V1.13.1.0
Target DLL:      UL2CM3.DLL V1.155.0.0
Dialog DLL:      TCM.DLL V1.14.4.0
 
<h2>Project:</h2>
D:\GD32\GD32_study_demoByMyself\TEST\Project\TEST.uvprojx
Project File Date:  06/26/2022

<h2>Output:</h2>
Rebuild target 'TEST'
compiling gd32f4xx_it.c...
compiling main.c...
compiling systick.c...
compiling gd32f4xx_adc.c...
compiling gd32f4xx_can.c...
compiling gd32f4xx_crc.c...
compiling gd32f4xx_ctc.c...
compiling gd32f4xx_dac.c...
compiling gd32f4xx_dbg.c...
compiling gd32f4xx_dci.c...
compiling gd32f4xx_dma.c...
compiling gd32f4xx_enet.c...
compiling gd32f4xx_exmc.c...
compiling gd32f4xx_exti.c...
compiling gd32f4xx_fmc.c...
compiling gd32f4xx_fwdgt.c...
compiling gd32f4xx_gpio.c...
compiling gd32f4xx_i2c.c...
compiling gd32f4xx_ipa.c...
compiling gd32f4xx_iref.c...
compiling gd32f4xx_misc.c...
compiling gd32f4xx_pmu.c...
compiling gd32f4xx_rcu.c...
compiling gd32f4xx_rtc.c...
compiling gd32f4xx_sdio.c...
compiling gd32f4xx_spi.c...
compiling gd32f4xx_syscfg.c...
compiling gd32f4xx_timer.c...
compiling gd32f4xx_tli.c...
compiling gd32f4xx_trng.c...
compiling gd32f4xx_usart.c...
compiling gd32f4xx_wwdgt.c...
assembling startup_gd32f450.s...
compiling system_gd32f4xx.c...
linking...
Program Size: Code=632 RO-data=444 RW-data=0 ZI-data=2144  
FromELF: creating hex file...
".\Objects\TEST.axf" - 0 Error(s), 0 Warning(s).

<h2>Collection of Component include folders:</h2>
  D:\GD32\GD32_study_demoByMyself\TEST\Project\RTE
  D:\Arm\Packs\GigaDevice\GD32F4xx_DFP\3.0.0

<h2>Collection of Component Files used:</h2>
</pre>
</body>
</html>
