<html>
<body>
<pre>
<h1>µVision Build Log</h1>
<h2>Tool Versions:</h2>
IDE-Version: ¦ÌVision V5.26.2.0
Copyright (C) 2018 ARM Ltd and ARM Germany GmbH. All rights reserved.
License Information: X1 IRONMAN, xxxx, LIC=SDA0P-M0E6D-Z9FG9-4Q137-V4YUY-KRSVV
 
Tool Versions:
Toolchain:       MDK-ARM Plus  Version: 5.26.2.0
Toolchain Path:  D:\Keil_v5\ARM\ARMCC\Bin
C Compiler:      Armcc.exe V5.06 update 6 (build 750)
Assembler:       Armasm.exe V5.06 update 6 (build 750)
Linker/Locator:  ArmLink.exe V5.06 update 6 (build 750)
Library Manager: ArmAr.exe V5.06 update 6 (build 750)
Hex Converter:   FromElf.exe V5.06 update 6 (build 750)
CPU DLL:         SARMCM3.DLL V5.26.2.0
Dialog DLL:      DCM.DLL V1.17.2.0
Target DLL:      CMSIS_AGDI.dll V1.30.6.0
Dialog DLL:      TCM.DLL V1.36.1.0
 
<h2>Project:</h2>
D:\GD32\GD32_study_demoByMyself\Demo006_Usart_DMA\1_KEeilprj\Usart_Dma.uvprojx
Project File Date:  06/29/2022

<h2>Output:</h2>
*** Using Compiler 'V5.06 update 6 (build 750)', folder: 'D:\Keil_v5\ARM\ARMCC\Bin'
Rebuild target 'Usart_DMA'
compiling gd32f4xx_crc.c...
compiling led.c...
compiling system_gd32f4xx.c...
compiling gd32f4xx_dbg.c...
compiling gd32f4xx_dci.c...
compiling gd32f4xx_ctc.c...
compiling gd32f4xx_dma.c...
compiling gd32f4xx_adc.c...
compiling gd32f4xx_dac.c...
compiling gd32f4xx_can.c...
compiling gd32f4xx_enet.c...
compiling gd32f4xx_exti.c...
compiling gd32f4xx_fwdgt.c...
compiling gd32f4xx_gpio.c...
compiling gd32f4xx_fmc.c...
compiling gd32f4xx_i2c.c...
compiling gd32f4xx_exmc.c...
compiling gd32f4xx_iref.c...
compiling gd32f4xx_misc.c...
compiling gd32f4xx_ipa.c...
compiling gd32f4xx_pmu.c...
assembling startup_gd32f450_470.s...
compiling gd32f4xx_rcu.c...
compiling gd32f4xx_trng.c...
compiling gd32f4xx_syscfg.c...
compiling gd32f4xx_rtc.c...
compiling gd32f4xx_spi.c...
compiling gd32f4xx_sdio.c...
compiling gd32f4xx_tli.c...
compiling gd32f4xx_timer.c...
compiling gd32f4xx_usart.c...
compiling gd32f4xx_wwdgt.c...
compiling gd32f4xx_it.c...
compiling main.c...
..\2_Source\User\main.c(117): warning:  #1-D: last line of file ends without a newline
  }
..\2_Source\User\main.c: 1 warning, 0 errors
compiling systick.c...
compiling gd32f450z_eval.c...
linking...
Program Size: Code=3640 RO-data=460 RW-data=160 ZI-data=1072  
"..\3_Output\Usart_Dma.axf" - 0 Error(s), 1 Warning(s).

<h2>Software Packages used:</h2>

Package Vendor: GigaDevice
                http://gd32mcu.com/data/documents/pack/GigaDevice.GD32F4xx_DFP.3.0.0.pack
                GigaDevice.GD32F4xx_DFP.3.0.0
                GigaDevice GD32F4xx Series Device Support and Examples

<h2>Collection of Component include folders:</h2>
  .\RTE\_Usart_DMA
  D:\Keil_v5\ARM\PACK\GigaDevice\GD32F4xx_DFP\3.0.0\Device\F4XX\Include

<h2>Collection of Component Files used:</h2>
Build Time Elapsed:  00:00:03
</pre>
</body>
</html>
